------------------------------------------------------------
Timing Analyzer Summary
------------------------------------------------------------

Type  : Slow 1100mV 85C Model Setup 'clk'
Slack : -88.506
TNS   : -213805.771

Type  : Slow 1100mV 85C Model Setup 'VGA:vga|clk_mitad_MHz:cmh|clk2'
Slack : -2.281
TNS   : -28.181

Type  : Slow 1100mV 85C Model Setup 'VGA:vga|sincronizadorH:sh|pasarlinea'
Slack : -2.274
TNS   : -35.023

Type  : Slow 1100mV 85C Model Hold 'clk'
Slack : 0.218
TNS   : 0.000

Type  : Slow 1100mV 85C Model Hold 'VGA:vga|clk_mitad_MHz:cmh|clk2'
Slack : 0.651
TNS   : 0.000

Type  : Slow 1100mV 85C Model Hold 'VGA:vga|sincronizadorH:sh|pasarlinea'
Slack : 0.904
TNS   : 0.000

Type  : Slow 1100mV 85C Model Minimum Pulse Width 'clk'
Slack : -2.174
TNS   : -1622.037

Type  : Slow 1100mV 85C Model Minimum Pulse Width 'VGA:vga|sincronizadorH:sh|pasarlinea'
Slack : -0.394
TNS   : -11.884

Type  : Slow 1100mV 85C Model Minimum Pulse Width 'VGA:vga|clk_mitad_MHz:cmh|clk2'
Slack : -0.394
TNS   : -8.030

Type  : Slow 1100mV 0C Model Setup 'clk'
Slack : -89.789
TNS   : -217607.647

Type  : Slow 1100mV 0C Model Setup 'VGA:vga|sincronizadorH:sh|pasarlinea'
Slack : -2.310
TNS   : -35.287

Type  : Slow 1100mV 0C Model Setup 'VGA:vga|clk_mitad_MHz:cmh|clk2'
Slack : -2.306
TNS   : -28.746

Type  : Slow 1100mV 0C Model Hold 'clk'
Slack : 0.073
TNS   : 0.000

Type  : Slow 1100mV 0C Model Hold 'VGA:vga|clk_mitad_MHz:cmh|clk2'
Slack : 0.616
TNS   : 0.000

Type  : Slow 1100mV 0C Model Hold 'VGA:vga|sincronizadorH:sh|pasarlinea'
Slack : 0.848
TNS   : 0.000

Type  : Slow 1100mV 0C Model Minimum Pulse Width 'clk'
Slack : -2.174
TNS   : -1690.649

Type  : Slow 1100mV 0C Model Minimum Pulse Width 'VGA:vga|sincronizadorH:sh|pasarlinea'
Slack : -0.394
TNS   : -11.955

Type  : Slow 1100mV 0C Model Minimum Pulse Width 'VGA:vga|clk_mitad_MHz:cmh|clk2'
Slack : -0.394
TNS   : -7.807

Type  : Fast 1100mV 85C Model Setup 'clk'
Slack : -49.813
TNS   : -119073.483

Type  : Fast 1100mV 85C Model Setup 'VGA:vga|sincronizadorH:sh|pasarlinea'
Slack : -1.095
TNS   : -16.063

Type  : Fast 1100mV 85C Model Setup 'VGA:vga|clk_mitad_MHz:cmh|clk2'
Slack : -1.036
TNS   : -12.620

Type  : Fast 1100mV 85C Model Hold 'clk'
Slack : 0.140
TNS   : 0.000

Type  : Fast 1100mV 85C Model Hold 'VGA:vga|clk_mitad_MHz:cmh|clk2'
Slack : 0.303
TNS   : 0.000

Type  : Fast 1100mV 85C Model Hold 'VGA:vga|sincronizadorH:sh|pasarlinea'
Slack : 0.429
TNS   : 0.000

Type  : Fast 1100mV 85C Model Minimum Pulse Width 'clk'
Slack : -2.174
TNS   : -190.823

Type  : Fast 1100mV 85C Model Minimum Pulse Width 'VGA:vga|sincronizadorH:sh|pasarlinea'
Slack : -0.068
TNS   : -1.136

Type  : Fast 1100mV 85C Model Minimum Pulse Width 'VGA:vga|clk_mitad_MHz:cmh|clk2'
Slack : 0.008
TNS   : 0.000

Type  : Fast 1100mV 0C Model Setup 'clk'
Slack : -46.614
TNS   : -111809.127

Type  : Fast 1100mV 0C Model Setup 'VGA:vga|sincronizadorH:sh|pasarlinea'
Slack : -0.980
TNS   : -14.318

Type  : Fast 1100mV 0C Model Setup 'VGA:vga|clk_mitad_MHz:cmh|clk2'
Slack : -0.911
TNS   : -10.958

Type  : Fast 1100mV 0C Model Hold 'clk'
Slack : 0.009
TNS   : 0.000

Type  : Fast 1100mV 0C Model Hold 'VGA:vga|clk_mitad_MHz:cmh|clk2'
Slack : 0.265
TNS   : 0.000

Type  : Fast 1100mV 0C Model Hold 'VGA:vga|sincronizadorH:sh|pasarlinea'
Slack : 0.401
TNS   : 0.000

Type  : Fast 1100mV 0C Model Minimum Pulse Width 'clk'
Slack : -2.174
TNS   : -219.693

Type  : Fast 1100mV 0C Model Minimum Pulse Width 'VGA:vga|sincronizadorH:sh|pasarlinea'
Slack : -0.031
TNS   : -0.503

Type  : Fast 1100mV 0C Model Minimum Pulse Width 'VGA:vga|clk_mitad_MHz:cmh|clk2'
Slack : 0.051
TNS   : 0.000

------------------------------------------------------------
