------------------------------------------------------------
Timing Analyzer Summary
------------------------------------------------------------

Type  : Slow 1100mV 85C Model Setup 'clk_mitad_MHz:cmh|clk2'
Slack : -91.618
TNS   : -263814.951

Type  : Slow 1100mV 85C Model Setup 'VGA:vga|sincronizadorH:sh|pasarlinea'
Slack : -2.526
TNS   : -34.440

Type  : Slow 1100mV 85C Model Setup 'clk'
Slack : -2.100
TNS   : -4.734

Type  : Slow 1100mV 85C Model Hold 'clk_mitad_MHz:cmh|clk2'
Slack : 0.344
TNS   : 0.000

Type  : Slow 1100mV 85C Model Hold 'VGA:vga|sincronizadorH:sh|pasarlinea'
Slack : 0.841
TNS   : 0.000

Type  : Slow 1100mV 85C Model Hold 'clk'
Slack : 1.208
TNS   : 0.000

Type  : Slow 1100mV 85C Model Minimum Pulse Width 'clk_mitad_MHz:cmh|clk2'
Slack : -2.174
TNS   : -2485.604

Type  : Slow 1100mV 85C Model Minimum Pulse Width 'clk'
Slack : -0.569
TNS   : -2.824

Type  : Slow 1100mV 85C Model Minimum Pulse Width 'VGA:vga|sincronizadorH:sh|pasarlinea'
Slack : -0.394
TNS   : -7.140

Type  : Slow 1100mV 0C Model Setup 'clk_mitad_MHz:cmh|clk2'
Slack : -92.548
TNS   : -266746.000

Type  : Slow 1100mV 0C Model Setup 'VGA:vga|sincronizadorH:sh|pasarlinea'
Slack : -2.505
TNS   : -34.165

Type  : Slow 1100mV 0C Model Setup 'clk'
Slack : -1.986
TNS   : -4.469

Type  : Slow 1100mV 0C Model Hold 'clk_mitad_MHz:cmh|clk2'
Slack : 0.368
TNS   : 0.000

Type  : Slow 1100mV 0C Model Hold 'VGA:vga|sincronizadorH:sh|pasarlinea'
Slack : 0.787
TNS   : 0.000

Type  : Slow 1100mV 0C Model Hold 'clk'
Slack : 1.137
TNS   : 0.000

Type  : Slow 1100mV 0C Model Minimum Pulse Width 'clk_mitad_MHz:cmh|clk2'
Slack : -2.174
TNS   : -2358.540

Type  : Slow 1100mV 0C Model Minimum Pulse Width 'clk'
Slack : -0.574
TNS   : -2.900

Type  : Slow 1100mV 0C Model Minimum Pulse Width 'VGA:vga|sincronizadorH:sh|pasarlinea'
Slack : -0.394
TNS   : -7.182

Type  : Fast 1100mV 85C Model Setup 'clk_mitad_MHz:cmh|clk2'
Slack : -53.437
TNS   : -153004.198

Type  : Fast 1100mV 85C Model Setup 'VGA:vga|sincronizadorH:sh|pasarlinea'
Slack : -1.131
TNS   : -15.377

Type  : Fast 1100mV 85C Model Setup 'clk'
Slack : -1.097
TNS   : -2.178

Type  : Fast 1100mV 85C Model Hold 'clk_mitad_MHz:cmh|clk2'
Slack : -0.208
TNS   : -0.208

Type  : Fast 1100mV 85C Model Hold 'VGA:vga|sincronizadorH:sh|pasarlinea'
Slack : 0.445
TNS   : 0.000

Type  : Fast 1100mV 85C Model Hold 'clk'
Slack : 0.712
TNS   : 0.000

Type  : Fast 1100mV 85C Model Minimum Pulse Width 'clk_mitad_MHz:cmh|clk2'
Slack : -2.174
TNS   : -601.225

Type  : Fast 1100mV 85C Model Minimum Pulse Width 'clk'
Slack : -0.539
TNS   : -2.147

Type  : Fast 1100mV 85C Model Minimum Pulse Width 'VGA:vga|sincronizadorH:sh|pasarlinea'
Slack : 0.140
TNS   : 0.000

Type  : Fast 1100mV 0C Model Setup 'clk_mitad_MHz:cmh|clk2'
Slack : -49.345
TNS   : -141677.089

Type  : Fast 1100mV 0C Model Setup 'VGA:vga|sincronizadorH:sh|pasarlinea'
Slack : -1.010
TNS   : -13.727

Type  : Fast 1100mV 0C Model Setup 'clk'
Slack : -0.896
TNS   : -1.757

Type  : Fast 1100mV 0C Model Hold 'clk_mitad_MHz:cmh|clk2'
Slack : -0.194
TNS   : -0.194

Type  : Fast 1100mV 0C Model Hold 'VGA:vga|sincronizadorH:sh|pasarlinea'
Slack : 0.387
TNS   : 0.000

Type  : Fast 1100mV 0C Model Hold 'clk'
Slack : 0.627
TNS   : 0.000

Type  : Fast 1100mV 0C Model Minimum Pulse Width 'clk_mitad_MHz:cmh|clk2'
Slack : -2.174
TNS   : -420.809

Type  : Fast 1100mV 0C Model Minimum Pulse Width 'clk'
Slack : -0.546
TNS   : -2.184

Type  : Fast 1100mV 0C Model Minimum Pulse Width 'VGA:vga|sincronizadorH:sh|pasarlinea'
Slack : 0.144
TNS   : 0.000

------------------------------------------------------------
